
> turnia-dashboard@1.0.0 build
> vite build

[36mvite v7.3.1 [32mbuilding client environment for production...[36m[39m
transforming...
[32m???[39m 26 modules transformed.
